> Wrong Command!

> ok

> [7 8]

> no such key

> Wrong Command!

> Wrong Command!

> saved as snapshot 1

> a

> a [7 8]

> ok

> no entries

> no keys

> Wrong Command!

> Wrong Command!

> no such key

> Wrong Command!

> ok

> Wrong Command!

> no such key

> Wrong Command!

> Wrong Command!

> no such key

> Wrong Command!

> no such key

> Wrong Command!

> no such key

> Wrong Command!

> Wrong Command!

> Wrong Command!

> no such key

> no such snapshot

> Wrong Command!

> Wrong Command!

> Wrong Command!

> Wrong Command!

> no such key

> Wrong Command!

> no such key

> Wrong Command!

> no such key

> Wrong Command!

> no such key

> Wrong Command!

> no such key

> Wrong Command!

> no such key

> Wrong Command!

> no such key

> Wrong Command!

> no such key

> Wrong Command!

> no such key

> Wrong Command!

> no such key

> Wrong Command!

> no such key

> Wrong Command!

> bye
