> ok

> ok

> [3 5 9]

> [3 5 8 9]

> [8]

> [ [5 8] [5 8] [5 9] [5 8] [5 8] [5 9] [8 8] [8 8] [8 9] [3 8] [3 8] [3 9] ]

> bye
