> saved as snapshot 1

> ok

> saved as snapshot 2

> ok

> saved as snapshot 3

> 3
2
1

> ok

> ok

> ok

> ok

> saved as snapshot 1

> saved as snapshot 2

> ok

> saved as snapshot 2

> saved as snapshot 3

> ok
